Initialization of sparse structure.
Arguments:
  number_of_boards: 100000
  board_size: 10
  epochs: 350
  number_of_clauses: 15000
  T: 6000
  s: 2.0
  number_of_state_bits: 8
  depth: 2
  hypervector_size: 256
  hypervector_bits: 4
  message_size: 64
  message_bits: 4
  double_hashing: False
  one_hot_encoding: False
  max_included_literals: 250
Loaded 100000 games from data/hex_games_100000_size_10.csv
Creating graphs on dataset of length training: 80000, and test: 20000...
Training for 350 epochs...
Epoch 1/350 Train Accuracy: 79.34% Test Accuracy: 78.94% Time: 72.90s
Epoch 2/350 Train Accuracy: 95.16% Test Accuracy: 94.90% Time: 63.61s
Epoch 3/350 Train Accuracy: 99.08% Test Accuracy: 99.04% Time: 62.40s
Epoch 4/350 Train Accuracy: 99.96% Test Accuracy: 99.98% Time: 61.60s
Epoch 5/350 Train Accuracy: 100.00% Test Accuracy: 99.99% Time: 60.28s
Epoch 6/350 Train Accuracy: 100.00% Test Accuracy: 100.00% Time: 59.63s
