Initialization of sparse structure.
Arguments:
  number_of_boards: 100000
  board_size: 12
  epochs: 350
  number_of_clauses: 19000
  T: 6000
  s: 2.0
  number_of_state_bits: 8
  depth: 2
  hypervector_size: 256
  hypervector_bits: 4
  message_size: 82
  message_bits: 4
  double_hashing: False
  one_hot_encoding: False
  max_included_literals: 250
Loading from cache: data/hex_games_100000_size_12_cached.npz
Loaded 100000 games from data/hex_games_100000_size_12.csv
Creating graphs on dataset of length training: 80000, and test: 20000...
Training for 350 epochs...                                                   
Epoch 1/350 Train Accuracy: 65.55% Test Accuracy: 65.26% Time: 89.51s
Epoch 2/350 Train Accuracy: 85.92% Test Accuracy: 85.53% Time: 85.28s
Epoch 3/350 Train Accuracy: 95.45% Test Accuracy: 95.33% Time: 85.70s
Epoch 4/350 Train Accuracy: 99.64% Test Accuracy: 99.64% Time: 83.97s
Epoch 5/350 Train Accuracy: 99.99% Test Accuracy: 99.99% Time: 84.41s 
Epoch 6/350 Train Accuracy: 100.00% Test Accuracy: 100.00% Time: 82.81s
