coder@coder-sanderw-alt-mulig-machine-565d54bf5-t8x47:~/teklit-maskin$ cat src/main.py.log 
Initialization of sparse structure.
Arguments:
  moves_before_win: 0
  number_of_boards: 100000
  board_size: 17
  epochs: 150
  number_of_clauses: 26000
  T: 6000
  s: 1.4
  number_of_state_bits: 8
  depth: 2
  hypervector_size: 256
  hypervector_bits: 4
  message_size: 82
  message_bits: 4
  double_hashing: False
  one_hot_encoding: False
  max_included_literals: 250
Loading from cache: data/hex_games_100000_size_17_cached.npz
Loaded 100000 games from hex_games_100000_size_17.csv
Creating graphs on dataset of length training: 80000, and test: 20000...
Training for 150 epochs...
Epoch 1/150 Train Accuracy: 58.51% Test Accuracy: 57.49% Time: 281.14s
Epoch 2/150 Train Accuracy: 61.90% Test Accuracy: 60.60% Time: 269.78s
Epoch 3/150 Train Accuracy: 64.67% Test Accuracy: 63.37% Time: 269.49s
Epoch 4/150 Train Accuracy: 67.26% Test Accuracy: 65.94% Time: 269.02s
Epoch 5/150 Train Accuracy: 70.41% Test Accuracy: 68.53% Time: 268.59s
Epoch 6/150 Train Accuracy: 72.89% Test Accuracy: 71.20% Time: 268.23s
Epoch 7/150 Train Accuracy: 75.02% Test Accuracy: 73.37% Time: 268.15s
Epoch 8/150 Train Accuracy: 77.69% Test Accuracy: 76.23% Time: 267.60s
Epoch 9/150 Train Accuracy: 79.53% Test Accuracy: 78.44% Time: 267.38s
Epoch 10/150 Train Accuracy: 82.03% Test Accuracy: 81.30% Time: 267.03s
Epoch 11/150 Train Accuracy: 84.69% Test Accuracy: 83.43% Time: 266.69s
Epoch 12/150 Train Accuracy: 82.18% Test Accuracy: 80.97% Time: 266.29s
Epoch 13/150 Train Accuracy: 87.96% Test Accuracy: 86.96% Time: 266.16s
Epoch 14/150 Train Accuracy: 86.25% Test Accuracy: 85.28% Time: 265.73s
Epoch 15/150 Train Accuracy: 88.99% Test Accuracy: 88.09% Time: 265.64s
Epoch 16/150 Train Accuracy: 92.17% Test Accuracy: 91.83% Time: 265.46s
Epoch 17/150 Train Accuracy: 91.48% Test Accuracy: 90.92% Time: 265.09s
Epoch 18/150 Train Accuracy: 92.70% Test Accuracy: 92.36% Time: 264.69s
Epoch 19/150 Train Accuracy: 96.12% Test Accuracy: 95.61% Time: 264.51s
Epoch 20/150 Train Accuracy: 96.83% Test Accuracy: 96.34% Time: 264.15s
Epoch 21/150 Train Accuracy: 97.74% Test Accuracy: 97.46% Time: 263.91s
Epoch 22/150 Train Accuracy: 97.82% Test Accuracy: 97.50% Time: 263.62s
Epoch 23/150 Train Accuracy: 97.86% Test Accuracy: 97.72% Time: 263.49s
Epoch 24/150 Train Accuracy: 98.28% Test Accuracy: 98.04% Time: 263.27s
Epoch 25/150 Train Accuracy: 99.54% Test Accuracy: 99.44% Time: 263.05s
Epoch 26/150 Train Accuracy: 99.68% Test Accuracy: 99.59% Time: 262.86s
Epoch 27/150 Train Accuracy: 99.13% Test Accuracy: 98.92% Time: 262.75s
Epoch 28/150 Train Accuracy: 99.47% Test Accuracy: 99.28% Time: 262.47s
Epoch 29/150 Train Accuracy: 98.63% Test Accuracy: 98.37% Time: 262.32s
Epoch 30/150 Train Accuracy: 99.43% Test Accuracy: 99.28% Time: 262.09s
Epoch 31/150 Train Accuracy: 99.56% Test Accuracy: 99.44% Time: 262.07s
Epoch 32/150 Train Accuracy: 98.20% Test Accuracy: 98.17% Time: 261.98s
Epoch 33/150 Train Accuracy: 99.84% Test Accuracy: 99.83% Time: 261.70s
Epoch 34/150 Train Accuracy: 99.02% Test Accuracy: 98.91% Time: 261.79s
Epoch 35/150 Train Accuracy: 98.56% Test Accuracy: 98.45% Time: 261.84s
Epoch 36/150 Train Accuracy: 98.97% Test Accuracy: 98.97% Time: 261.58s
Epoch 37/150 Train Accuracy: 99.66% Test Accuracy: 99.61% Time: 261.53s
Epoch 38/150 Train Accuracy: 99.45% Test Accuracy: 99.42% Time: 261.57s
Epoch 39/150 Train Accuracy: 99.82% Test Accuracy: 99.81% Time: 261.33s
Epoch 40/150 Train Accuracy: 99.91% Test Accuracy: 99.90% Time: 260.90s
Epoch 41/150 Train Accuracy: 99.45% Test Accuracy: 99.39% Time: 260.56s
Epoch 42/150 Train Accuracy: 99.99% Test Accuracy: 99.99% Time: 260.54s
Epoch 43/150 Train Accuracy: 99.87% Test Accuracy: 99.78% Time: 260.35s
Epoch 44/150 Train Accuracy: 99.93% Test Accuracy: 99.89% Time: 260.12s
Epoch 45/150 Train Accuracy: 99.68% Test Accuracy: 99.58% Time: 260.27s
Epoch 46/150 Train Accuracy: 99.86% Test Accuracy: 99.83% Time: 260.32s
Epoch 47/150 Train Accuracy: 99.88% Test Accuracy: 99.84% Time: 259.98s
Epoch 48/150 Train Accuracy: 99.24% Test Accuracy: 99.17% Time: 260.00s
Epoch 49/150 Train Accuracy: 99.58% Test Accuracy: 99.61% Time: 260.34s
Epoch 50/150 Train Accuracy: 99.52% Test Accuracy: 99.50% Time: 260.07s
Epoch 51/150 Train Accuracy: 99.97% Test Accuracy: 99.97% Time: 259.96s
Epoch 52/150 Train Accuracy: 99.98% Test Accuracy: 99.98% Time: 259.64s
Epoch 53/150 Train Accuracy: 99.98% Test Accuracy: 99.98% Time: 259.43s
Epoch 54/150 Train Accuracy: 100.00% Test Accuracy: 100.00% Time: 259.46s


