coder@coder-sanderw-alt-mulig-machine-6556954f87-w8jfr:~/teklit-maskin$ cat output.log 
Initialization of sparse structure.
Arguments:
  number_of_boards: 50000
  board_size: 8
  epochs: 500
  number_of_clauses: 10000
  T: 5555
  s: 1.0
  number_of_state_bits: 8
  depth: 2
  hypervector_size: 256
  hypervector_bits: 4
  message_size: 32
  message_bits: 4
  double_hashing: False
  one_hot_encoding: False
  max_included_literals: 120
Loaded 50000 games from data/hex_games_50000_size_8.csv
Creating graphs on dataset of length training: 40000, and test: 10000...
Training for 500 epochs...
Epoch 1/500 Train Accuracy: 67.12% Test Accuracy: 65.08% Time: 19.75s
Epoch 2/500 Train Accuracy: 68.16% Test Accuracy: 66.07% Time: 17.44s
Epoch 3/500 Train Accuracy: 73.79% Test Accuracy: 71.13% Time: 17.40s
Epoch 4/500 Train Accuracy: 72.99% Test Accuracy: 70.71% Time: 17.32s
Epoch 5/500 Train Accuracy: 75.69% Test Accuracy: 72.89% Time: 17.35s
Epoch 6/500 Train Accuracy: 74.28% Test Accuracy: 71.81% Time: 17.28s
Epoch 7/500 Train Accuracy: 76.44% Test Accuracy: 73.55% Time: 17.25s
Epoch 8/500 Train Accuracy: 75.88% Test Accuracy: 73.17% Time: 17.14s
Epoch 9/500 Train Accuracy: 75.11% Test Accuracy: 72.40% Time: 17.13s
Epoch 10/500 Train Accuracy: 78.34% Test Accuracy: 74.95% Time: 17.11s
Epoch 11/500 Train Accuracy: 72.05% Test Accuracy: 69.61% Time: 17.00s
Epoch 12/500 Train Accuracy: 71.34% Test Accuracy: 69.58% Time: 17.05s
Epoch 13/500 Train Accuracy: 77.56% Test Accuracy: 75.15% Time: 16.97s
Epoch 14/500 Train Accuracy: 74.55% Test Accuracy: 72.23% Time: 16.92s
Epoch 15/500 Train Accuracy: 74.52% Test Accuracy: 71.83% Time: 17.08s
Epoch 16/500 Train Accuracy: 74.86% Test Accuracy: 72.30% Time: 16.89s
Epoch 17/500 Train Accuracy: 74.13% Test Accuracy: 72.07% Time: 16.87s
Epoch 18/500 Train Accuracy: 80.18% Test Accuracy: 77.17% Time: 16.86s
Epoch 19/500 Train Accuracy: 79.83% Test Accuracy: 76.71% Time: 16.79s
Epoch 20/500 Train Accuracy: 79.48% Test Accuracy: 76.73% Time: 16.77s
Epoch 21/500 Train Accuracy: 74.44% Test Accuracy: 71.76% Time: 16.91s
Epoch 22/500 Train Accuracy: 77.87% Test Accuracy: 75.30% Time: 16.72s
Epoch 23/500 Train Accuracy: 77.98% Test Accuracy: 75.59% Time: 16.75s
Epoch 24/500 Train Accuracy: 77.73% Test Accuracy: 74.92% Time: 16.76s
Epoch 25/500 Train Accuracy: 77.75% Test Accuracy: 75.14% Time: 16.70s
Epoch 26/500 Train Accuracy: 76.66% Test Accuracy: 74.02% Time: 16.70s
Epoch 27/500 Train Accuracy: 80.80% Test Accuracy: 78.08% Time: 16.77s
Epoch 28/500 Train Accuracy: 79.08% Test Accuracy: 76.46% Time: 16.62s
Epoch 29/500 Train Accuracy: 77.42% Test Accuracy: 74.82% Time: 16.70s
Epoch 30/500 Train Accuracy: 78.07% Test Accuracy: 75.46% Time: 16.63s
Epoch 31/500 Train Accuracy: 76.07% Test Accuracy: 73.90% Time: 16.67s
Epoch 32/500 Train Accuracy: 81.30% Test Accuracy: 78.28% Time: 16.70s
Epoch 33/500 Train Accuracy: 74.86% Test Accuracy: 72.82% Time: 16.63s
Epoch 34/500 Train Accuracy: 79.57% Test Accuracy: 77.17% Time: 16.62s
Epoch 35/500 Train Accuracy: 78.79% Test Accuracy: 75.88% Time: 16.61s
Epoch 36/500 Train Accuracy: 78.55% Test Accuracy: 75.98% Time: 16.55s
Epoch 37/500 Train Accuracy: 80.19% Test Accuracy: 77.36% Time: 16.59s
Epoch 38/500 Train Accuracy: 77.61% Test Accuracy: 75.36% Time: 16.57s
Epoch 39/500 Train Accuracy: 79.35% Test Accuracy: 76.75% Time: 16.54s
Epoch 40/500 Train Accuracy: 83.03% Test Accuracy: 80.02% Time: 16.44s
Epoch 41/500 Train Accuracy: 80.55% Test Accuracy: 78.29% Time: 16.25s
Epoch 42/500 Train Accuracy: 81.70% Test Accuracy: 79.16% Time: 16.36s
Epoch 43/500 Train Accuracy: 79.29% Test Accuracy: 76.90% Time: 16.23s
Epoch 44/500 Train Accuracy: 84.52% Test Accuracy: 81.84% Time: 16.21s
Epoch 45/500 Train Accuracy: 85.93% Test Accuracy: 82.93% Time: 16.31s
Epoch 46/500 Train Accuracy: 87.23% Test Accuracy: 83.88% Time: 16.27s
Epoch 47/500 Train Accuracy: 87.00% Test Accuracy: 84.07% Time: 16.28s
Epoch 48/500 Train Accuracy: 88.81% Test Accuracy: 85.93% Time: 16.25s
Epoch 49/500 Train Accuracy: 85.49% Test Accuracy: 83.01% Time: 17.21s
Epoch 50/500 Train Accuracy: 81.49% Test Accuracy: 79.38% Time: 17.26s
Epoch 51/500 Train Accuracy: 80.69% Test Accuracy: 78.84% Time: 17.28s
Epoch 52/500 Train Accuracy: 80.35% Test Accuracy: 78.49% Time: 17.23s
Epoch 53/500 Train Accuracy: 81.59% Test Accuracy: 79.46% Time: 17.29s
Epoch 54/500 Train Accuracy: 82.20% Test Accuracy: 79.66% Time: 17.30s
Epoch 55/500 Train Accuracy: 86.98% Test Accuracy: 84.65% Time: 17.31s
Epoch 56/500 Train Accuracy: 83.48% Test Accuracy: 81.19% Time: 17.49s
Epoch 57/500 Train Accuracy: 87.23% Test Accuracy: 84.80% Time: 17.30s
Epoch 58/500 Train Accuracy: 84.82% Test Accuracy: 82.52% Time: 17.18s
Epoch 59/500 Train Accuracy: 83.47% Test Accuracy: 81.04% Time: 17.19s
Epoch 60/500 Train Accuracy: 83.46% Test Accuracy: 80.99% Time: 17.13s
Epoch 61/500 Train Accuracy: 83.64% Test Accuracy: 81.43% Time: 17.40s
Epoch 62/500 Train Accuracy: 82.29% Test Accuracy: 79.98% Time: 16.00s
Epoch 63/500 Train Accuracy: 73.31% Test Accuracy: 71.68% Time: 16.04s
Epoch 64/500 Train Accuracy: 80.65% Test Accuracy: 78.58% Time: 15.97s
Epoch 65/500 Train Accuracy: 85.89% Test Accuracy: 83.45% Time: 15.91s
Epoch 66/500 Train Accuracy: 84.63% Test Accuracy: 82.18% Time: 16.07s
Epoch 67/500 Train Accuracy: 82.20% Test Accuracy: 80.09% Time: 15.92s
Epoch 68/500 Train Accuracy: 79.18% Test Accuracy: 76.77% Time: 16.00s
Epoch 69/500 Train Accuracy: 86.96% Test Accuracy: 84.50% Time: 15.88s
Epoch 70/500 Train Accuracy: 85.08% Test Accuracy: 82.71% Time: 15.99s
Epoch 71/500 Train Accuracy: 91.39% Test Accuracy: 88.57% Time: 15.96s
Epoch 72/500 Train Accuracy: 88.43% Test Accuracy: 85.55% Time: 15.92s
Epoch 73/500 Train Accuracy: 87.08% Test Accuracy: 84.37% Time: 15.86s
Epoch 74/500 Train Accuracy: 79.87% Test Accuracy: 77.88% Time: 15.86s
Epoch 75/500 Train Accuracy: 78.80% Test Accuracy: 77.07% Time: 15.86s
Epoch 76/500 Train Accuracy: 75.92% Test Accuracy: 74.11% Time: 15.88s
Epoch 77/500 Train Accuracy: 77.04% Test Accuracy: 75.38% Time: 16.02s
Epoch 78/500 Train Accuracy: 88.72% Test Accuracy: 85.67% Time: 15.90s
Epoch 79/500 Train Accuracy: 79.96% Test Accuracy: 77.82% Time: 15.92s
Epoch 80/500 Train Accuracy: 76.05% Test Accuracy: 74.23% Time: 15.85s
Epoch 81/500 Train Accuracy: 81.78% Test Accuracy: 79.38% Time: 15.85s
Epoch 82/500 Train Accuracy: 78.41% Test Accuracy: 76.76% Time: 15.81s
Epoch 83/500 Train Accuracy: 74.38% Test Accuracy: 72.50% Time: 15.71s
Epoch 84/500 Train Accuracy: 66.66% Test Accuracy: 65.64% Time: 15.74s
Epoch 85/500 Train Accuracy: 72.69% Test Accuracy: 71.06% Time: 15.68s
Epoch 86/500 Train Accuracy: 81.30% Test Accuracy: 79.66% Time: 15.64s
Epoch 87/500 Train Accuracy: 79.25% Test Accuracy: 77.21% Time: 15.64s
Epoch 88/500 Train Accuracy: 81.38% Test Accuracy: 79.42% Time: 15.61s
Epoch 89/500 Train Accuracy: 77.80% Test Accuracy: 75.65% Time: 15.59s
Epoch 90/500 Train Accuracy: 76.70% Test Accuracy: 75.08% Time: 15.60s
Epoch 91/500 Train Accuracy: 86.09% Test Accuracy: 83.65% Time: 15.59s
Epoch 92/500 Train Accuracy: 91.27% Test Accuracy: 88.80% Time: 15.56s
Epoch 93/500 Train Accuracy: 81.45% Test Accuracy: 79.13% Time: 15.56s
Epoch 94/500 Train Accuracy: 83.64% Test Accuracy: 81.25% Time: 15.55s
Epoch 95/500 Train Accuracy: 85.73% Test Accuracy: 83.05% Time: 15.54s
Epoch 96/500 Train Accuracy: 86.52% Test Accuracy: 84.16% Time: 15.55s
Epoch 97/500 Train Accuracy: 89.38% Test Accuracy: 86.70% Time: 15.57s
Epoch 98/500 Train Accuracy: 86.89% Test Accuracy: 84.61% Time: 15.52s
Epoch 99/500 Train Accuracy: 94.48% Test Accuracy: 92.21% Time: 15.50s
Epoch 100/500 Train Accuracy: 92.34% Test Accuracy: 89.78% Time: 15.51s
Epoch 101/500 Train Accuracy: 92.36% Test Accuracy: 89.99% Time: 15.50s
Epoch 102/500 Train Accuracy: 92.70% Test Accuracy: 89.60% Time: 15.48s
Epoch 103/500 Train Accuracy: 92.61% Test Accuracy: 89.98% Time: 15.50s
Epoch 104/500 Train Accuracy: 94.26% Test Accuracy: 91.72% Time: 15.67s
Epoch 105/500 Train Accuracy: 91.50% Test Accuracy: 88.99% Time: 15.51s
Epoch 106/500 Train Accuracy: 89.76% Test Accuracy: 87.05% Time: 15.44s
Epoch 107/500 Train Accuracy: 94.95% Test Accuracy: 92.42% Time: 15.44s
Epoch 108/500 Train Accuracy: 91.94% Test Accuracy: 89.11% Time: 15.44s
Epoch 109/500 Train Accuracy: 92.97% Test Accuracy: 90.50% Time: 15.62s
Epoch 110/500 Train Accuracy: 92.92% Test Accuracy: 90.44% Time: 15.49s
Epoch 111/500 Train Accuracy: 90.23% Test Accuracy: 87.60% Time: 15.45s
Epoch 112/500 Train Accuracy: 93.00% Test Accuracy: 90.46% Time: 15.44s
Epoch 113/500 Train Accuracy: 95.57% Test Accuracy: 93.15% Time: 15.45s
Epoch 114/500 Train Accuracy: 97.21% Test Accuracy: 95.25% Time: 15.47s
Epoch 115/500 Train Accuracy: 97.58% Test Accuracy: 95.78% Time: 15.43s
Epoch 116/500 Train Accuracy: 95.47% Test Accuracy: 92.96% Time: 15.44s
Epoch 117/500 Train Accuracy: 96.55% Test Accuracy: 94.45% Time: 15.44s
Epoch 118/500 Train Accuracy: 98.16% Test Accuracy: 96.54% Time: 15.40s
Epoch 119/500 Train Accuracy: 98.23% Test Accuracy: 96.52% Time: 15.46s
Epoch 120/500 Train Accuracy: 97.12% Test Accuracy: 95.09% Time: 15.42s
Epoch 121/500 Train Accuracy: 96.96% Test Accuracy: 95.20% Time: 15.40s
Epoch 122/500 Train Accuracy: 98.40% Test Accuracy: 96.68% Time: 15.36s
Epoch 123/500 Train Accuracy: 96.92% Test Accuracy: 94.87% Time: 15.41s
Epoch 124/500 Train Accuracy: 95.01% Test Accuracy: 92.69% Time: 15.33s
Epoch 125/500 Train Accuracy: 97.81% Test Accuracy: 95.76% Time: 15.36s
Epoch 126/500 Train Accuracy: 97.54% Test Accuracy: 95.59% Time: 15.40s
Epoch 127/500 Train Accuracy: 98.02% Test Accuracy: 96.24% Time: 15.42s
Epoch 128/500 Train Accuracy: 98.61% Test Accuracy: 96.97% Time: 15.35s
Epoch 129/500 Train Accuracy: 97.62% Test Accuracy: 95.84% Time: 15.32s
Epoch 130/500 Train Accuracy: 97.14% Test Accuracy: 95.45% Time: 15.33s
Epoch 131/500 Train Accuracy: 96.53% Test Accuracy: 94.50% Time: 15.32s
Epoch 132/500 Train Accuracy: 96.19% Test Accuracy: 94.05% Time: 15.32s
Epoch 133/500 Train Accuracy: 95.76% Test Accuracy: 93.14% Time: 15.29s
Epoch 134/500 Train Accuracy: 97.15% Test Accuracy: 94.90% Time: 15.25s
Epoch 135/500 Train Accuracy: 98.17% Test Accuracy: 96.68% Time: 15.25s
Epoch 136/500 Train Accuracy: 96.76% Test Accuracy: 94.57% Time: 15.24s
Epoch 137/500 Train Accuracy: 93.00% Test Accuracy: 90.43% Time: 15.23s
Epoch 138/500 Train Accuracy: 96.70% Test Accuracy: 94.74% Time: 15.26s
Epoch 139/500 Train Accuracy: 97.66% Test Accuracy: 95.93% Time: 15.17s
Epoch 140/500 Train Accuracy: 97.45% Test Accuracy: 95.72% Time: 15.16s
Epoch 141/500 Train Accuracy: 95.76% Test Accuracy: 93.91% Time: 15.29s
Epoch 142/500 Train Accuracy: 97.36% Test Accuracy: 95.63% Time: 15.26s
Epoch 143/500 Train Accuracy: 97.48% Test Accuracy: 95.45% Time: 15.14s
Epoch 144/500 Train Accuracy: 94.45% Test Accuracy: 92.28% Time: 15.16s
Epoch 145/500 Train Accuracy: 95.98% Test Accuracy: 94.05% Time: 15.43s
Epoch 146/500 Train Accuracy: 94.11% Test Accuracy: 91.64% Time: 15.12s
Epoch 147/500 Train Accuracy: 93.58% Test Accuracy: 90.95% Time: 15.11s
Epoch 148/500 Train Accuracy: 95.54% Test Accuracy: 93.43% Time: 15.11s
Epoch 149/500 Train Accuracy: 95.12% Test Accuracy: 92.95% Time: 15.08s
Epoch 150/500 Train Accuracy: 95.80% Test Accuracy: 93.60% Time: 15.06s
Epoch 151/500 Train Accuracy: 98.05% Test Accuracy: 96.45% Time: 15.07s
Epoch 152/500 Train Accuracy: 96.57% Test Accuracy: 94.66% Time: 15.08s
Epoch 153/500 Train Accuracy: 97.09% Test Accuracy: 95.26% Time: 15.19s
Epoch 154/500 Train Accuracy: 97.86% Test Accuracy: 96.19% Time: 15.21s
Epoch 155/500 Train Accuracy: 98.68% Test Accuracy: 97.22% Time: 15.16s
Epoch 156/500 Train Accuracy: 98.38% Test Accuracy: 96.90% Time: 15.04s
Epoch 157/500 Train Accuracy: 98.68% Test Accuracy: 97.31% Time: 15.21s
Epoch 158/500 Train Accuracy: 99.30% Test Accuracy: 98.33% Time: 15.04s
Epoch 159/500 Train Accuracy: 99.33% Test Accuracy: 98.38% Time: 15.17s
Epoch 160/500 Train Accuracy: 97.03% Test Accuracy: 95.18% Time: 15.01s
Epoch 161/500 Train Accuracy: 99.39% Test Accuracy: 98.42% Time: 15.02s
Epoch 162/500 Train Accuracy: 99.22% Test Accuracy: 98.15% Time: 15.00s
Epoch 163/500 Train Accuracy: 99.29% Test Accuracy: 98.28% Time: 15.02s
Epoch 164/500 Train Accuracy: 99.60% Test Accuracy: 98.68% Time: 15.09s
Epoch 165/500 Train Accuracy: 99.77% Test Accuracy: 99.13% Time: 15.16s
Epoch 166/500 Train Accuracy: 99.59% Test Accuracy: 98.71% Time: 15.07s
Epoch 167/500 Train Accuracy: 99.43% Test Accuracy: 98.61% Time: 15.10s
Epoch 168/500 Train Accuracy: 99.42% Test Accuracy: 98.56% Time: 15.10s
Epoch 169/500 Train Accuracy: 99.61% Test Accuracy: 98.86% Time: 15.11s
Epoch 170/500 Train Accuracy: 99.21% Test Accuracy: 98.13% Time: 15.13s
Epoch 171/500 Train Accuracy: 99.49% Test Accuracy: 98.45% Time: 15.11s
Epoch 172/500 Train Accuracy: 99.73% Test Accuracy: 98.98% Time: 15.17s
Epoch 173/500 Train Accuracy: 99.82% Test Accuracy: 99.21% Time: 15.02s
Epoch 174/500 Train Accuracy: 99.63% Test Accuracy: 98.94% Time: 15.02s
Epoch 175/500 Train Accuracy: 99.05% Test Accuracy: 97.78% Time: 15.00s
Epoch 176/500 Train Accuracy: 99.36% Test Accuracy: 98.44% Time: 15.14s
Epoch 177/500 Train Accuracy: 98.92% Test Accuracy: 97.55% Time: 15.18s
Epoch 178/500 Train Accuracy: 97.15% Test Accuracy: 95.40% Time: 15.05s
Epoch 179/500 Train Accuracy: 99.34% Test Accuracy: 98.43% Time: 15.02s
Epoch 180/500 Train Accuracy: 99.05% Test Accuracy: 97.86% Time: 15.00s
Epoch 181/500 Train Accuracy: 99.27% Test Accuracy: 98.27% Time: 15.02s
Epoch 182/500 Train Accuracy: 99.43% Test Accuracy: 98.49% Time: 15.01s
Epoch 183/500 Train Accuracy: 99.19% Test Accuracy: 98.20% Time: 15.04s
Epoch 184/500 Train Accuracy: 99.31% Test Accuracy: 98.24% Time: 14.93s
Epoch 185/500 Train Accuracy: 99.59% Test Accuracy: 98.74% Time: 15.01s
Epoch 186/500 Train Accuracy: 99.65% Test Accuracy: 98.91% Time: 15.01s
Epoch 187/500 Train Accuracy: 99.78% Test Accuracy: 99.16% Time: 14.99s
Epoch 188/500 Train Accuracy: 99.85% Test Accuracy: 99.36% Time: 14.97s
Epoch 189/500 Train Accuracy: 99.83% Test Accuracy: 99.34% Time: 14.99s
Epoch 190/500 Train Accuracy: 99.79% Test Accuracy: 99.16% Time: 14.98s
Epoch 191/500 Train Accuracy: 99.90% Test Accuracy: 99.39% Time: 15.01s
Epoch 192/500 Train Accuracy: 99.89% Test Accuracy: 99.41% Time: 15.04s
Epoch 193/500 Train Accuracy: 99.89% Test Accuracy: 99.46% Time: 14.99s
Epoch 194/500 Train Accuracy: 99.89% Test Accuracy: 99.42% Time: 14.88s
Epoch 195/500 Train Accuracy: 99.91% Test Accuracy: 99.36% Time: 14.92s
Epoch 196/500 Train Accuracy: 99.92% Test Accuracy: 99.42% Time: 14.92s
Epoch 197/500 Train Accuracy: 99.92% Test Accuracy: 99.37% Time: 15.08s
Epoch 198/500 Train Accuracy: 99.91% Test Accuracy: 99.38% Time: 14.98s
Epoch 199/500 Train Accuracy: 99.95% Test Accuracy: 99.56% Time: 15.05s
Epoch 200/500 Train Accuracy: 99.94% Test Accuracy: 99.56% Time: 15.00s
Epoch 201/500 Train Accuracy: 99.93% Test Accuracy: 99.49% Time: 14.97s
Epoch 202/500 Train Accuracy: 99.91% Test Accuracy: 99.46% Time: 14.95s
Epoch 203/500 Train Accuracy: 99.94% Test Accuracy: 99.62% Time: 14.93s
Epoch 204/500 Train Accuracy: 99.94% Test Accuracy: 99.56% Time: 14.94s
Epoch 205/500 Train Accuracy: 99.92% Test Accuracy: 99.50% Time: 14.91s
Epoch 206/500 Train Accuracy: 99.98% Test Accuracy: 99.63% Time: 14.80s
Epoch 207/500 Train Accuracy: 99.94% Test Accuracy: 99.58% Time: 14.94s
Epoch 208/500 Train Accuracy: 99.92% Test Accuracy: 99.48% Time: 14.87s
Epoch 209/500 Train Accuracy: 99.95% Test Accuracy: 99.55% Time: 14.85s
Epoch 210/500 Train Accuracy: 99.97% Test Accuracy: 99.64% Time: 14.87s
Epoch 211/500 Train Accuracy: 99.98% Test Accuracy: 99.68% Time: 14.86s
Epoch 212/500 Train Accuracy: 99.98% Test Accuracy: 99.76% Time: 14.91s
Epoch 213/500 Train Accuracy: 99.98% Test Accuracy: 99.75% Time: 14.90s
Epoch 214/500 Train Accuracy: 99.95% Test Accuracy: 99.56% Time: 14.77s
Epoch 215/500 Train Accuracy: 99.99% Test Accuracy: 99.75% Time: 14.80s
Epoch 216/500 Train Accuracy: 99.98% Test Accuracy: 99.69% Time: 14.87s
Epoch 217/500 Train Accuracy: 99.99% Test Accuracy: 99.82% Time: 14.75s
Epoch 218/500 Train Accuracy: 99.96% Test Accuracy: 99.68% Time: 14.62s
Epoch 219/500 Train Accuracy: 99.98% Test Accuracy: 99.83% Time: 14.73s
Epoch 220/500 Train Accuracy: 99.97% Test Accuracy: 99.75% Time: 14.69s
Epoch 221/500 Train Accuracy: 99.96% Test Accuracy: 99.70% Time: 14.75s
Epoch 222/500 Train Accuracy: 99.98% Test Accuracy: 99.73% Time: 14.79s
Epoch 223/500 Train Accuracy: 99.98% Test Accuracy: 99.74% Time: 14.69s
Epoch 224/500 Train Accuracy: 99.98% Test Accuracy: 99.79% Time: 14.70s
Epoch 225/500 Train Accuracy: 99.99% Test Accuracy: 99.80% Time: 14.65s
Epoch 226/500 Train Accuracy: 99.98% Test Accuracy: 99.85% Time: 14.64s
Epoch 227/500 Train Accuracy: 99.99% Test Accuracy: 99.88% Time: 14.68s
Epoch 228/500 Train Accuracy: 99.99% Test Accuracy: 99.82% Time: 14.68s
Epoch 229/500 Train Accuracy: 99.98% Test Accuracy: 99.74% Time: 14.68s
Epoch 230/500 Train Accuracy: 99.99% Test Accuracy: 99.82% Time: 14.65s
Epoch 231/500 Train Accuracy: 99.98% Test Accuracy: 99.69% Time: 14.66s
Epoch 232/500 Train Accuracy: 99.98% Test Accuracy: 99.69% Time: 14.61s
Epoch 233/500 Train Accuracy: 99.99% Test Accuracy: 99.83% Time: 14.57s
Epoch 234/500 Train Accuracy: 99.98% Test Accuracy: 99.73% Time: 14.55s
Epoch 235/500 Train Accuracy: 99.99% Test Accuracy: 99.82% Time: 14.63s
Epoch 236/500 Train Accuracy: 99.99% Test Accuracy: 99.83% Time: 14.73s
Epoch 237/500 Train Accuracy: 100.00% Test Accuracy: 99.83% Time: 14.64s
Epoch 238/500 Train Accuracy: 99.99% Test Accuracy: 99.84% Time: 14.66s
Epoch 239/500 Train Accuracy: 99.99% Test Accuracy: 99.74% Time: 14.66s
Epoch 240/500 Train Accuracy: 100.00% Test Accuracy: 99.79% Time: 14.61s
Epoch 241/500 Train Accuracy: 100.00% Test Accuracy: 99.82% Time: 14.58s
Epoch 242/500 Train Accuracy: 99.99% Test Accuracy: 99.77% Time: 14.63s
Epoch 243/500 Train Accuracy: 100.00% Test Accuracy: 99.82% Time: 14.60s
Epoch 244/500 Train Accuracy: 99.98% Test Accuracy: 99.63% Time: 14.60s
Epoch 245/500 Train Accuracy: 99.99% Test Accuracy: 99.72% Time: 14.60s
Epoch 246/500 Train Accuracy: 99.99% Test Accuracy: 99.80% Time: 14.57s
Epoch 247/500 Train Accuracy: 100.00% Test Accuracy: 99.85% Time: 14.66s
Epoch 248/500 Train Accuracy: 99.99% Test Accuracy: 99.76% Time: 14.63s
Epoch 249/500 Train Accuracy: 100.00% Test Accuracy: 99.77% Time: 14.64s
Epoch 250/500 Train Accuracy: 100.00% Test Accuracy: 99.83% Time: 14.65s
Epoch 251/500 Train Accuracy: 100.00% Test Accuracy: 99.79% Time: 14.57s
Epoch 252/500 Train Accuracy: 99.99% Test Accuracy: 99.73% Time: 14.63s
Epoch 253/500 Train Accuracy: 99.99% Test Accuracy: 99.87% Time: 14.67s
Epoch 254/500 Train Accuracy: 100.00% Test Accuracy: 99.85% Time: 14.64s
Epoch 255/500 Train Accuracy: 100.00% Test Accuracy: 99.84% Time: 14.67s
Epoch 256/500 Train Accuracy: 99.99% Test Accuracy: 99.80% Time: 14.59s
Epoch 257/500 Train Accuracy: 100.00% Test Accuracy: 99.86% Time: 14.67s
Epoch 258/500 Train Accuracy: 100.00% Test Accuracy: 99.83% Time: 14.68s
Epoch 259/500 Train Accuracy: 99.99% Test Accuracy: 99.76% Time: 14.67s
Epoch 260/500 Train Accuracy: 99.99% Test Accuracy: 99.86% Time: 14.59s
Epoch 261/500 Train Accuracy: 100.00% Test Accuracy: 99.92% Time: 14.57s
Epoch 262/500 Train Accuracy: 99.98% Test Accuracy: 99.83% Time: 15.15s
Epoch 263/500 Train Accuracy: 100.00% Test Accuracy: 99.90% Time: 14.57s
Epoch 264/500 Train Accuracy: 99.99% Test Accuracy: 99.92% Time: 14.57s
Epoch 265/500 Train Accuracy: 100.00% Test Accuracy: 99.94% Time: 14.55s
Epoch 266/500 Train Accuracy: 100.00% Test Accuracy: 99.92% Time: 14.55s
Epoch 267/500 Train Accuracy: 100.00% Test Accuracy: 99.89% Time: 14.63s
Epoch 268/500 Train Accuracy: 100.00% Test Accuracy: 99.94% Time: 14.55s
Epoch 269/500 Train Accuracy: 100.00% Test Accuracy: 99.92% Time: 14.53s
Epoch 270/500 Train Accuracy: 99.99% Test Accuracy: 99.89% Time: 14.56s
Epoch 271/500 Train Accuracy: 100.00% Test Accuracy: 99.95% Time: 14.59s
Epoch 272/500 Train Accuracy: 100.00% Test Accuracy: 99.92% Time: 14.50s
Epoch 273/500 Train Accuracy: 100.00% Test Accuracy: 99.93% Time: 14.76s
Epoch 274/500 Train Accuracy: 100.00% Test Accuracy: 99.88% Time: 14.52s
Epoch 275/500 Train Accuracy: 100.00% Test Accuracy: 99.96% Time: 14.52s
Epoch 276/500 Train Accuracy: 100.00% Test Accuracy: 99.94% Time: 14.51s
Epoch 277/500 Train Accuracy: 100.00% Test Accuracy: 99.94% Time: 14.51s
Epoch 278/500 Train Accuracy: 100.00% Test Accuracy: 99.90% Time: 14.50s
Epoch 279/500 Train Accuracy: 100.00% Test Accuracy: 99.93% Time: 14.42s
Epoch 280/500 Train Accuracy: 100.00% Test Accuracy: 99.92% Time: 14.47s
Epoch 281/500 Train Accuracy: 100.00% Test Accuracy: 99.98% Time: 14.48s
Epoch 282/500 Train Accuracy: 100.00% Test Accuracy: 99.92% Time: 14.41s
Epoch 283/500 Train Accuracy: 100.00% Test Accuracy: 99.92% Time: 14.47s
Epoch 284/500 Train Accuracy: 100.00% Test Accuracy: 99.82% Time: 14.48s
Epoch 285/500 Train Accuracy: 100.00% Test Accuracy: 99.92% Time: 14.81s
Epoch 286/500 Train Accuracy: 100.00% Test Accuracy: 99.94% Time: 14.55s
Epoch 287/500 Train Accuracy: 100.00% Test Accuracy: 99.93% Time: 14.45s
Epoch 288/500 Train Accuracy: 100.00% Test Accuracy: 99.90% Time: 14.56s
Epoch 289/500 Train Accuracy: 100.00% Test Accuracy: 99.91% Time: 14.46s
Epoch 290/500 Train Accuracy: 100.00% Test Accuracy: 99.85% Time: 14.47s
Epoch 291/500 Train Accuracy: 100.00% Test Accuracy: 99.90% Time: 14.48s
Epoch 292/500 Train Accuracy: 100.00% Test Accuracy: 99.95% Time: 14.60s
Epoch 293/500 Train Accuracy: 100.00% Test Accuracy: 99.95% Time: 14.70s
Epoch 294/500 Train Accuracy: 100.00% Test Accuracy: 99.90% Time: 14.46s
Epoch 295/500 Train Accuracy: 100.00% Test Accuracy: 99.81% Time: 14.45s
Epoch 296/500 Train Accuracy: 100.00% Test Accuracy: 99.88% Time: 14.47s
Epoch 297/500 Train Accuracy: 100.00% Test Accuracy: 99.90% Time: 14.42s
Epoch 298/500 Train Accuracy: 100.00% Test Accuracy: 99.94% Time: 14.43s
Epoch 299/500 Train Accuracy: 100.00% Test Accuracy: 99.94% Time: 14.42s
Epoch 300/500 Train Accuracy: 100.00% Test Accuracy: 99.92% Time: 14.47s
Epoch 301/500 Train Accuracy: 100.00% Test Accuracy: 99.96% Time: 14.45s
Epoch 302/500 Train Accuracy: 100.00% Test Accuracy: 99.92% Time: 14.45s
Epoch 303/500 Train Accuracy: 100.00% Test Accuracy: 99.86% Time: 14.47s
Epoch 304/500 Train Accuracy: 100.00% Test Accuracy: 99.93% Time: 14.59s
Epoch 305/500 Train Accuracy: 100.00% Test Accuracy: 99.88% Time: 14.59s
Epoch 306/500 Train Accuracy: 100.00% Test Accuracy: 99.91% Time: 14.53s
Epoch 307/500 Train Accuracy: 100.00% Test Accuracy: 99.95% Time: 15.00s
Epoch 308/500 Train Accuracy: 100.00% Test Accuracy: 99.92% Time: 14.46s
Epoch 309/500 Train Accuracy: 100.00% Test Accuracy: 99.94% Time: 14.40s
Epoch 310/500 Train Accuracy: 100.00% Test Accuracy: 99.91% Time: 14.45s
Epoch 311/500 Train Accuracy: 100.00% Test Accuracy: 99.95% Time: 14.45s
Epoch 312/500 Train Accuracy: 100.00% Test Accuracy: 99.93% Time: 14.50s
Epoch 313/500 Train Accuracy: 100.00% Test Accuracy: 99.95% Time: 14.55s
Epoch 314/500 Train Accuracy: 100.00% Test Accuracy: 99.99% Time: 14.49s
Epoch 315/500 Train Accuracy: 100.00% Test Accuracy: 99.98% Time: 14.46s
Epoch 316/500 Train Accuracy: 100.00% Test Accuracy: 99.97% Time: 14.47s
Epoch 317/500 Train Accuracy: 100.00% Test Accuracy: 99.97% Time: 14.41s
Epoch 318/500 Train Accuracy: 100.00% Test Accuracy: 99.98% Time: 14.36s
Epoch 319/500 Train Accuracy: 100.00% Test Accuracy: 99.96% Time: 14.40s
Epoch 320/500 Train Accuracy: 100.00% Test Accuracy: 99.96% Time: 14.36s
Epoch 321/500 Train Accuracy: 99.42% Test Accuracy: 98.65% Time: 14.41s
Epoch 322/500 Train Accuracy: 100.00% Test Accuracy: 99.95% Time: 14.36s
Epoch 323/500 Train Accuracy: 99.99% Test Accuracy: 99.96% Time: 14.40s
Epoch 324/500 Train Accuracy: 99.94% Test Accuracy: 99.81% Time: 14.40s
Epoch 325/500 Train Accuracy: 100.00% Test Accuracy: 99.95% Time: 14.42s
Epoch 326/500 Train Accuracy: 99.99% Test Accuracy: 99.94% Time: 14.38s
Epoch 327/500 Train Accuracy: 99.99% Test Accuracy: 99.95% Time: 14.38s
Epoch 328/500 Train Accuracy: 99.99% Test Accuracy: 99.89% Time: 14.37s
Epoch 329/500 Train Accuracy: 99.95% Test Accuracy: 99.81% Time: 14.46s
Epoch 330/500 Train Accuracy: 99.95% Test Accuracy: 99.87% Time: 14.51s
Epoch 331/500 Train Accuracy: 100.00% Test Accuracy: 99.86% Time: 14.42s
Epoch 332/500 Train Accuracy: 99.99% Test Accuracy: 99.90% Time: 14.52s
Epoch 333/500 Train Accuracy: 100.00% Test Accuracy: 99.93% Time: 14.42s
Epoch 334/500 Train Accuracy: 100.00% Test Accuracy: 99.89% Time: 14.49s
Epoch 335/500 Train Accuracy: 100.00% Test Accuracy: 99.94% Time: 14.43s
Epoch 336/500 Train Accuracy: 100.00% Test Accuracy: 99.94% Time: 14.49s
Epoch 337/500 Train Accuracy: 100.00% Test Accuracy: 99.95% Time: 14.49s
Epoch 338/500 Train Accuracy: 100.00% Test Accuracy: 99.97% Time: 14.54s
Epoch 339/500 Train Accuracy: 100.00% Test Accuracy: 99.96% Time: 14.55s
Epoch 340/500 Train Accuracy: 100.00% Test Accuracy: 99.96% Time: 14.41s
Epoch 341/500 Train Accuracy: 100.00% Test Accuracy: 99.90% Time: 14.40s
Epoch 342/500 Train Accuracy: 100.00% Test Accuracy: 99.93% Time: 14.45s
Epoch 343/500 Train Accuracy: 100.00% Test Accuracy: 99.91% Time: 14.51s
Epoch 344/500 Train Accuracy: 100.00% Test Accuracy: 99.94% Time: 14.57s
Epoch 345/500 Train Accuracy: 100.00% Test Accuracy: 99.88% Time: 14.50s
Epoch 346/500 Train Accuracy: 100.00% Test Accuracy: 99.93% Time: 14.42s
Epoch 347/500 Train Accuracy: 100.00% Test Accuracy: 99.93% Time: 14.44s
Epoch 348/500 Train Accuracy: 100.00% Test Accuracy: 99.88% Time: 14.60s
Epoch 349/500 Train Accuracy: 99.99% Test Accuracy: 99.84% Time: 14.54s
Epoch 350/500 Train Accuracy: 100.00% Test Accuracy: 99.91% Time: 14.52s
Epoch 351/500 Train Accuracy: 100.00% Test Accuracy: 99.87% Time: 14.53s
Epoch 352/500 Train Accuracy: 100.00% Test Accuracy: 99.87% Time: 14.46s
Epoch 353/500 Train Accuracy: 100.00% Test Accuracy: 99.96% Time: 14.51s
Epoch 354/500 Train Accuracy: 100.00% Test Accuracy: 99.92% Time: 14.57s
Epoch 355/500 Train Accuracy: 100.00% Test Accuracy: 99.91% Time: 14.55s
Epoch 356/500 Train Accuracy: 99.99% Test Accuracy: 99.84% Time: 14.47s
Epoch 357/500 Train Accuracy: 100.00% Test Accuracy: 99.93% Time: 14.45s
Epoch 358/500 Train Accuracy: 100.00% Test Accuracy: 99.92% Time: 14.67s
Epoch 359/500 Train Accuracy: 100.00% Test Accuracy: 99.92% Time: 14.43s
Epoch 360/500 Train Accuracy: 100.00% Test Accuracy: 99.84% Time: 14.48s
Epoch 361/500 Train Accuracy: 100.00% Test Accuracy: 99.93% Time: 14.45s
Epoch 362/500 Train Accuracy: 100.00% Test Accuracy: 99.94% Time: 14.52s
Epoch 363/500 Train Accuracy: 100.00% Test Accuracy: 99.92% Time: 14.56s
Epoch 364/500 Train Accuracy: 100.00% Test Accuracy: 99.96% Time: 14.48s
Epoch 365/500 Train Accuracy: 100.00% Test Accuracy: 99.93% Time: 14.44s
Epoch 366/500 Train Accuracy: 100.00% Test Accuracy: 99.95% Time: 14.69s
Epoch 367/500 Train Accuracy: 100.00% Test Accuracy: 99.93% Time: 14.47s
Epoch 368/500 Train Accuracy: 100.00% Test Accuracy: 99.94% Time: 14.48s
Epoch 369/500 Train Accuracy: 100.00% Test Accuracy: 99.89% Time: 14.50s
Epoch 370/500 Train Accuracy: 100.00% Test Accuracy: 99.93% Time: 14.54s
Epoch 371/500 Train Accuracy: 100.00% Test Accuracy: 99.88% Time: 14.55s
Epoch 372/500 Train Accuracy: 100.00% Test Accuracy: 99.92% Time: 14.48s
Epoch 373/500 Train Accuracy: 100.00% Test Accuracy: 99.94% Time: 14.39s
Epoch 374/500 Train Accuracy: 100.00% Test Accuracy: 99.95% Time: 14.37s
Epoch 375/500 Train Accuracy: 100.00% Test Accuracy: 99.91% Time: 14.42s
Epoch 376/500 Train Accuracy: 100.00% Test Accuracy: 99.94% Time: 14.64s
Epoch 377/500 Train Accuracy: 100.00% Test Accuracy: 99.91% Time: 14.44s
Epoch 378/500 Train Accuracy: 100.00% Test Accuracy: 99.88% Time: 14.37s
Epoch 379/500 Train Accuracy: 100.00% Test Accuracy: 99.90% Time: 14.43s
Epoch 380/500 Train Accuracy: 100.00% Test Accuracy: 99.93% Time: 14.44s
Epoch 381/500 Train Accuracy: 100.00% Test Accuracy: 99.93% Time: 14.44s
Epoch 382/500 Train Accuracy: 100.00% Test Accuracy: 99.95% Time: 14.43s
Epoch 383/500 Train Accuracy: 100.00% Test Accuracy: 99.93% Time: 14.39s
Epoch 384/500 Train Accuracy: 100.00% Test Accuracy: 99.95% Time: 14.41s
Epoch 385/500 Train Accuracy: 100.00% Test Accuracy: 99.92% Time: 14.46s
Epoch 386/500 Train Accuracy: 100.00% Test Accuracy: 99.94% Time: 14.49s
Epoch 387/500 Train Accuracy: 100.00% Test Accuracy: 99.92% Time: 14.46s
Epoch 388/500 Train Accuracy: 100.00% Test Accuracy: 99.95% Time: 14.44s
Epoch 389/500 Train Accuracy: 100.00% Test Accuracy: 99.94% Time: 14.44s
Epoch 390/500 Train Accuracy: 100.00% Test Accuracy: 99.98% Time: 14.45s
Epoch 391/500 Train Accuracy: 100.00% Test Accuracy: 99.96% Time: 14.23s
Epoch 392/500 Train Accuracy: 100.00% Test Accuracy: 99.97% Time: 14.38s
Epoch 393/500 Train Accuracy: 100.00% Test Accuracy: 99.95% Time: 14.45s
Epoch 394/500 Train Accuracy: 100.00% Test Accuracy: 99.97% Time: 14.45s
Epoch 395/500 Train Accuracy: 100.00% Test Accuracy: 99.98% Time: 14.43s
Epoch 396/500 Train Accuracy: 100.00% Test Accuracy: 99.98% Time: 14.44s
Epoch 397/500 Train Accuracy: 100.00% Test Accuracy: 99.97% Time: 14.46s
Epoch 398/500 Train Accuracy: 100.00% Test Accuracy: 99.97% Time: 14.45s
Epoch 399/500 Train Accuracy: 100.00% Test Accuracy: 99.96% Time: 14.37s
Epoch 400/500 Train Accuracy: 100.00% Test Accuracy: 99.98% Time: 14.44s
Epoch 401/500 Train Accuracy: 100.00% Test Accuracy: 99.96% Time: 14.22s
Epoch 402/500 Train Accuracy: 100.00% Test Accuracy: 99.97% Time: 14.18s
Epoch 403/500 Train Accuracy: 100.00% Test Accuracy: 99.98% Time: 14.31s
Epoch 404/500 Train Accuracy: 100.00% Test Accuracy: 99.97% Time: 14.27s
Epoch 405/500 Train Accuracy: 100.00% Test Accuracy: 99.97% Time: 14.23s
Epoch 406/500 Train Accuracy: 100.00% Test Accuracy: 99.96% Time: 14.25s
Epoch 407/500 Train Accuracy: 100.00% Test Accuracy: 99.98% Time: 14.22s
Epoch 408/500 Train Accuracy: 100.00% Test Accuracy: 99.97% Time: 14.31s
Epoch 409/500 Train Accuracy: 100.00% Test Accuracy: 99.99% Time: 14.27s
Epoch 410/500 Train Accuracy: 100.00% Test Accuracy: 99.99% Time: 14.30s
Epoch 411/500 Train Accuracy: 100.00% Test Accuracy: 99.97% Time: 14.31s
Epoch 412/500 Train Accuracy: 100.00% Test Accuracy: 99.99% Time: 14.29s
Epoch 413/500 Train Accuracy: 100.00% Test Accuracy: 99.98% Time: 14.28s
Epoch 414/500 Train Accuracy: 100.00% Test Accuracy: 99.98% Time: 14.38s
Epoch 415/500 Train Accuracy: 100.00% Test Accuracy: 99.98% Time: 14.34s
Epoch 416/500 Train Accuracy: 100.00% Test Accuracy: 99.99% Time: 14.28s
Epoch 417/500 Train Accuracy: 100.00% Test Accuracy: 99.99% Time: 14.25s
Epoch 418/500 Train Accuracy: 100.00% Test Accuracy: 99.99% Time: 14.18s
Epoch 419/500 Train Accuracy: 100.00% Test Accuracy: 99.99% Time: 14.20s
Epoch 420/500 Train Accuracy: 100.00% Test Accuracy: 99.99% Time: 14.20s
Epoch 421/500 Train Accuracy: 100.00% Test Accuracy: 99.99% Time: 14.24s
Epoch 422/500 Train Accuracy: 100.00% Test Accuracy: 99.99% Time: 14.38s
Epoch 423/500 Train Accuracy: 100.00% Test Accuracy: 99.97% Time: 14.39s
Epoch 424/500 Train Accuracy: 100.00% Test Accuracy: 99.97% Time: 14.35s
Epoch 425/500 Train Accuracy: 100.00% Test Accuracy: 99.97% Time: 14.26s
Epoch 426/500 Train Accuracy: 100.00% Test Accuracy: 99.99% Time: 14.42s
Epoch 427/500 Train Accuracy: 100.00% Test Accuracy: 99.99% Time: 14.43s
Epoch 428/500 Train Accuracy: 100.00% Test Accuracy: 99.99% Time: 14.26s
Epoch 429/500 Train Accuracy: 100.00% Test Accuracy: 99.99% Time: 14.25s
Epoch 430/500 Train Accuracy: 100.00% Test Accuracy: 99.99% Time: 14.34s
Epoch 431/500 Train Accuracy: 100.00% Test Accuracy: 99.98% Time: 14.28s
Epoch 432/500 Train Accuracy: 100.00% Test Accuracy: 99.97% Time: 14.31s
Epoch 433/500 Train Accuracy: 100.00% Test Accuracy: 99.97% Time: 14.33s
Epoch 434/500 Train Accuracy: 100.00% Test Accuracy: 99.99% Time: 14.26s
Epoch 435/500 Train Accuracy: 100.00% Test Accuracy: 99.98% Time: 14.28s
Epoch 436/500 Train Accuracy: 100.00% Test Accuracy: 99.95% Time: 14.29s
Epoch 437/500 Train Accuracy: 100.00% Test Accuracy: 99.97% Time: 14.31s
Epoch 438/500 Train Accuracy: 100.00% Test Accuracy: 99.84% Time: 14.33s
Epoch 439/500 Train Accuracy: 100.00% Test Accuracy: 99.98% Time: 14.36s
Epoch 440/500 Train Accuracy: 100.00% Test Accuracy: 99.98% Time: 14.26s
Epoch 441/500 Train Accuracy: 100.00% Test Accuracy: 99.96% Time: 14.25s
Epoch 442/500 Train Accuracy: 100.00% Test Accuracy: 99.98% Time: 14.18s
Epoch 443/500 Train Accuracy: 100.00% Test Accuracy: 99.97% Time: 14.17s
Epoch 444/500 Train Accuracy: 100.00% Test Accuracy: 99.99% Time: 14.19s
Epoch 445/500 Train Accuracy: 100.00% Test Accuracy: 99.99% Time: 14.16s
Epoch 446/500 Train Accuracy: 100.00% Test Accuracy: 99.99% Time: 14.15s
Epoch 447/500 Train Accuracy: 100.00% Test Accuracy: 100.00% Time: 14.15s
